// Jest Snapshot v1, https://goo.gl/fbAQLP

exports[`Render without crashes 1`] = `
Array [
  <ApolloProvider
    client={
      ApolloClient {
        "cache": InMemoryCache {
          "addTypename": true,
          "config": Object {
            "addTypename": true,
            "dataIdFromObject": [Function],
            "resultCaching": true,
            "typePolicies": Object {
              "Search": Object {
                "fields": Object {
                  "duration": Object {
                    "read": [Function],
                  },
                  "editDescription": Object {
                    "read": [Function],
                  },
                  "editId": Object {
                    "read": [Function],
                  },
                  "editTitle": Object {
                    "read": [Function],
                  },
                  "modalShow": Object {
                    "read": [Function],
                  },
                  "program": Object {
                    "read": [Function],
                  },
                  "startDate": Object {
                    "read": [Function],
                  },
                },
              },
            },
          },
          "data": Root {
            "canRead": [Function],
            "data": Object {},
            "getFieldValue": [Function],
            "group": CacheGroup {
              "caching": true,
              "d": [Function],
              "keyMaker": KeyTrie {
                "makeData": [Function],
                "weakness": true,
              },
            },
            "policies": Policies {
              "cache": [Circular],
              "config": Object {
                "cache": [Circular],
                "dataIdFromObject": [Function],
                "possibleTypes": undefined,
                "typePolicies": Object {
                  "Search": Object {
                    "fields": Object {
                      "duration": Object {
                        "read": [Function],
                      },
                      "editDescription": Object {
                        "read": [Function],
                      },
                      "editId": Object {
                        "read": [Function],
                      },
                      "editTitle": Object {
                        "read": [Function],
                      },
                      "modalShow": Object {
                        "read": [Function],
                      },
                      "program": Object {
                        "read": [Function],
                      },
                      "startDate": Object {
                        "read": [Function],
                      },
                    },
                  },
                },
              },
              "fuzzySubtypes": Map {},
              "rootIdsByTypename": Object {
                "Mutation": "ROOT_MUTATION",
                "Query": "ROOT_QUERY",
                "Subscription": "ROOT_SUBSCRIPTION",
              },
              "rootTypenamesById": Object {
                "ROOT_MUTATION": "Mutation",
                "ROOT_QUERY": "Query",
                "ROOT_SUBSCRIPTION": "Subscription",
              },
              "supertypeMap": Map {},
              "typePolicies": Object {
                "Search": Object {
                  "fields": Object {
                    "duration": Object {
                      "keyFn": undefined,
                      "merge": undefined,
                      "read": [Function],
                    },
                    "editDescription": Object {
                      "keyFn": undefined,
                      "merge": undefined,
                      "read": [Function],
                    },
                    "editId": Object {
                      "keyFn": undefined,
                      "merge": undefined,
                      "read": [Function],
                    },
                    "editTitle": Object {
                      "keyFn": undefined,
                      "merge": undefined,
                      "read": [Function],
                    },
                    "modalShow": Object {
                      "keyFn": undefined,
                      "merge": undefined,
                      "read": [Function],
                    },
                    "program": Object {
                      "keyFn": undefined,
                      "merge": undefined,
                      "read": [Function],
                    },
                    "startDate": Object {
                      "keyFn": undefined,
                      "merge": undefined,
                      "read": [Function],
                    },
                  },
                  "keyFn": undefined,
                },
              },
              "usingPossibleTypes": false,
            },
            "refs": Object {},
            "rootIds": Object {},
            "sharedLayerGroup": CacheGroup {
              "caching": true,
              "d": [Function],
              "keyMaker": KeyTrie {
                "makeData": [Function],
                "weakness": true,
              },
            },
            "storageTrie": KeyTrie {
              "makeData": [Function],
              "weakness": true,
            },
            "toReference": [Function],
          },
          "getFragmentDoc": [Function],
          "makeVar": [Function],
          "maybeBroadcastWatch": [Function],
          "optimisticData": Root {
            "canRead": [Function],
            "data": Object {},
            "getFieldValue": [Function],
            "group": CacheGroup {
              "caching": true,
              "d": [Function],
              "keyMaker": KeyTrie {
                "makeData": [Function],
                "weakness": true,
              },
            },
            "policies": Policies {
              "cache": [Circular],
              "config": Object {
                "cache": [Circular],
                "dataIdFromObject": [Function],
                "possibleTypes": undefined,
                "typePolicies": Object {
                  "Search": Object {
                    "fields": Object {
                      "duration": Object {
                        "read": [Function],
                      },
                      "editDescription": Object {
                        "read": [Function],
                      },
                      "editId": Object {
                        "read": [Function],
                      },
                      "editTitle": Object {
                        "read": [Function],
                      },
                      "modalShow": Object {
                        "read": [Function],
                      },
                      "program": Object {
                        "read": [Function],
                      },
                      "startDate": Object {
                        "read": [Function],
                      },
                    },
                  },
                },
              },
              "fuzzySubtypes": Map {},
              "rootIdsByTypename": Object {
                "Mutation": "ROOT_MUTATION",
                "Query": "ROOT_QUERY",
                "Subscription": "ROOT_SUBSCRIPTION",
              },
              "rootTypenamesById": Object {
                "ROOT_MUTATION": "Mutation",
                "ROOT_QUERY": "Query",
                "ROOT_SUBSCRIPTION": "Subscription",
              },
              "supertypeMap": Map {},
              "typePolicies": Object {
                "Search": Object {
                  "fields": Object {
                    "duration": Object {
                      "keyFn": undefined,
                      "merge": undefined,
                      "read": [Function],
                    },
                    "editDescription": Object {
                      "keyFn": undefined,
                      "merge": undefined,
                      "read": [Function],
                    },
                    "editId": Object {
                      "keyFn": undefined,
                      "merge": undefined,
                      "read": [Function],
                    },
                    "editTitle": Object {
                      "keyFn": undefined,
                      "merge": undefined,
                      "read": [Function],
                    },
                    "modalShow": Object {
                      "keyFn": undefined,
                      "merge": undefined,
                      "read": [Function],
                    },
                    "program": Object {
                      "keyFn": undefined,
                      "merge": undefined,
                      "read": [Function],
                    },
                    "startDate": Object {
                      "keyFn": undefined,
                      "merge": undefined,
                      "read": [Function],
                    },
                  },
                  "keyFn": undefined,
                },
              },
              "usingPossibleTypes": false,
            },
            "refs": Object {},
            "rootIds": Object {},
            "sharedLayerGroup": CacheGroup {
              "caching": true,
              "d": [Function],
              "keyMaker": KeyTrie {
                "makeData": [Function],
                "weakness": true,
              },
            },
            "storageTrie": KeyTrie {
              "makeData": [Function],
              "weakness": true,
            },
            "toReference": [Function],
          },
          "policies": Policies {
            "cache": [Circular],
            "config": Object {
              "cache": [Circular],
              "dataIdFromObject": [Function],
              "possibleTypes": undefined,
              "typePolicies": Object {
                "Search": Object {
                  "fields": Object {
                    "duration": Object {
                      "read": [Function],
                    },
                    "editDescription": Object {
                      "read": [Function],
                    },
                    "editId": Object {
                      "read": [Function],
                    },
                    "editTitle": Object {
                      "read": [Function],
                    },
                    "modalShow": Object {
                      "read": [Function],
                    },
                    "program": Object {
                      "read": [Function],
                    },
                    "startDate": Object {
                      "read": [Function],
                    },
                  },
                },
              },
            },
            "fuzzySubtypes": Map {},
            "rootIdsByTypename": Object {
              "Mutation": "ROOT_MUTATION",
              "Query": "ROOT_QUERY",
              "Subscription": "ROOT_SUBSCRIPTION",
            },
            "rootTypenamesById": Object {
              "ROOT_MUTATION": "Mutation",
              "ROOT_QUERY": "Query",
              "ROOT_SUBSCRIPTION": "Subscription",
            },
            "supertypeMap": Map {},
            "typePolicies": Object {
              "Search": Object {
                "fields": Object {
                  "duration": Object {
                    "keyFn": undefined,
                    "merge": undefined,
                    "read": [Function],
                  },
                  "editDescription": Object {
                    "keyFn": undefined,
                    "merge": undefined,
                    "read": [Function],
                  },
                  "editId": Object {
                    "keyFn": undefined,
                    "merge": undefined,
                    "read": [Function],
                  },
                  "editTitle": Object {
                    "keyFn": undefined,
                    "merge": undefined,
                    "read": [Function],
                  },
                  "modalShow": Object {
                    "keyFn": undefined,
                    "merge": undefined,
                    "read": [Function],
                  },
                  "program": Object {
                    "keyFn": undefined,
                    "merge": undefined,
                    "read": [Function],
                  },
                  "startDate": Object {
                    "keyFn": undefined,
                    "merge": undefined,
                    "read": [Function],
                  },
                },
                "keyFn": undefined,
              },
            },
            "usingPossibleTypes": false,
          },
          "storeReader": StoreReader {
            "config": Object {
              "addTypename": true,
              "cache": [Circular],
            },
            "executeSelectionSet": [Function],
            "executeSubSelectedArray": [Function],
            "knownResults": WeakMap {},
          },
          "storeWriter": StoreWriter {
            "cache": [Circular],
            "reader": StoreReader {
              "config": Object {
                "addTypename": true,
                "cache": [Circular],
              },
              "executeSelectionSet": [Function],
              "executeSubSelectedArray": [Function],
              "knownResults": WeakMap {},
            },
          },
          "txCount": 0,
          "typenameDocumentCache": Map {},
          "watchDep": [Function],
          "watches": Set {},
        },
        "clearStoreCallbacks": Array [],
        "defaultOptions": Object {},
        "disableNetworkFetches": false,
        "link": HttpLink {
          "options": Object {
            "credentials": undefined,
            "headers": undefined,
            "uri": "https://api-staging.aiesec.org/graphql?access_token=dd0df21c8af5d929dff19f74506c4a8153d7acd34306b9761fd4a57cfa1d483c",
          },
          "request": [Function],
        },
        "localState": LocalState {
          "cache": InMemoryCache {
            "addTypename": true,
            "config": Object {
              "addTypename": true,
              "dataIdFromObject": [Function],
              "resultCaching": true,
              "typePolicies": Object {
                "Search": Object {
                  "fields": Object {
                    "duration": Object {
                      "read": [Function],
                    },
                    "editDescription": Object {
                      "read": [Function],
                    },
                    "editId": Object {
                      "read": [Function],
                    },
                    "editTitle": Object {
                      "read": [Function],
                    },
                    "modalShow": Object {
                      "read": [Function],
                    },
                    "program": Object {
                      "read": [Function],
                    },
                    "startDate": Object {
                      "read": [Function],
                    },
                  },
                },
              },
            },
            "data": Root {
              "canRead": [Function],
              "data": Object {},
              "getFieldValue": [Function],
              "group": CacheGroup {
                "caching": true,
                "d": [Function],
                "keyMaker": KeyTrie {
                  "makeData": [Function],
                  "weakness": true,
                },
              },
              "policies": Policies {
                "cache": [Circular],
                "config": Object {
                  "cache": [Circular],
                  "dataIdFromObject": [Function],
                  "possibleTypes": undefined,
                  "typePolicies": Object {
                    "Search": Object {
                      "fields": Object {
                        "duration": Object {
                          "read": [Function],
                        },
                        "editDescription": Object {
                          "read": [Function],
                        },
                        "editId": Object {
                          "read": [Function],
                        },
                        "editTitle": Object {
                          "read": [Function],
                        },
                        "modalShow": Object {
                          "read": [Function],
                        },
                        "program": Object {
                          "read": [Function],
                        },
                        "startDate": Object {
                          "read": [Function],
                        },
                      },
                    },
                  },
                },
                "fuzzySubtypes": Map {},
                "rootIdsByTypename": Object {
                  "Mutation": "ROOT_MUTATION",
                  "Query": "ROOT_QUERY",
                  "Subscription": "ROOT_SUBSCRIPTION",
                },
                "rootTypenamesById": Object {
                  "ROOT_MUTATION": "Mutation",
                  "ROOT_QUERY": "Query",
                  "ROOT_SUBSCRIPTION": "Subscription",
                },
                "supertypeMap": Map {},
                "typePolicies": Object {
                  "Search": Object {
                    "fields": Object {
                      "duration": Object {
                        "keyFn": undefined,
                        "merge": undefined,
                        "read": [Function],
                      },
                      "editDescription": Object {
                        "keyFn": undefined,
                        "merge": undefined,
                        "read": [Function],
                      },
                      "editId": Object {
                        "keyFn": undefined,
                        "merge": undefined,
                        "read": [Function],
                      },
                      "editTitle": Object {
                        "keyFn": undefined,
                        "merge": undefined,
                        "read": [Function],
                      },
                      "modalShow": Object {
                        "keyFn": undefined,
                        "merge": undefined,
                        "read": [Function],
                      },
                      "program": Object {
                        "keyFn": undefined,
                        "merge": undefined,
                        "read": [Function],
                      },
                      "startDate": Object {
                        "keyFn": undefined,
                        "merge": undefined,
                        "read": [Function],
                      },
                    },
                    "keyFn": undefined,
                  },
                },
                "usingPossibleTypes": false,
              },
              "refs": Object {},
              "rootIds": Object {},
              "sharedLayerGroup": CacheGroup {
                "caching": true,
                "d": [Function],
                "keyMaker": KeyTrie {
                  "makeData": [Function],
                  "weakness": true,
                },
              },
              "storageTrie": KeyTrie {
                "makeData": [Function],
                "weakness": true,
              },
              "toReference": [Function],
            },
            "getFragmentDoc": [Function],
            "makeVar": [Function],
            "maybeBroadcastWatch": [Function],
            "optimisticData": Root {
              "canRead": [Function],
              "data": Object {},
              "getFieldValue": [Function],
              "group": CacheGroup {
                "caching": true,
                "d": [Function],
                "keyMaker": KeyTrie {
                  "makeData": [Function],
                  "weakness": true,
                },
              },
              "policies": Policies {
                "cache": [Circular],
                "config": Object {
                  "cache": [Circular],
                  "dataIdFromObject": [Function],
                  "possibleTypes": undefined,
                  "typePolicies": Object {
                    "Search": Object {
                      "fields": Object {
                        "duration": Object {
                          "read": [Function],
                        },
                        "editDescription": Object {
                          "read": [Function],
                        },
                        "editId": Object {
                          "read": [Function],
                        },
                        "editTitle": Object {
                          "read": [Function],
                        },
                        "modalShow": Object {
                          "read": [Function],
                        },
                        "program": Object {
                          "read": [Function],
                        },
                        "startDate": Object {
                          "read": [Function],
                        },
                      },
                    },
                  },
                },
                "fuzzySubtypes": Map {},
                "rootIdsByTypename": Object {
                  "Mutation": "ROOT_MUTATION",
                  "Query": "ROOT_QUERY",
                  "Subscription": "ROOT_SUBSCRIPTION",
                },
                "rootTypenamesById": Object {
                  "ROOT_MUTATION": "Mutation",
                  "ROOT_QUERY": "Query",
                  "ROOT_SUBSCRIPTION": "Subscription",
                },
                "supertypeMap": Map {},
                "typePolicies": Object {
                  "Search": Object {
                    "fields": Object {
                      "duration": Object {
                        "keyFn": undefined,
                        "merge": undefined,
                        "read": [Function],
                      },
                      "editDescription": Object {
                        "keyFn": undefined,
                        "merge": undefined,
                        "read": [Function],
                      },
                      "editId": Object {
                        "keyFn": undefined,
                        "merge": undefined,
                        "read": [Function],
                      },
                      "editTitle": Object {
                        "keyFn": undefined,
                        "merge": undefined,
                        "read": [Function],
                      },
                      "modalShow": Object {
                        "keyFn": undefined,
                        "merge": undefined,
                        "read": [Function],
                      },
                      "program": Object {
                        "keyFn": undefined,
                        "merge": undefined,
                        "read": [Function],
                      },
                      "startDate": Object {
                        "keyFn": undefined,
                        "merge": undefined,
                        "read": [Function],
                      },
                    },
                    "keyFn": undefined,
                  },
                },
                "usingPossibleTypes": false,
              },
              "refs": Object {},
              "rootIds": Object {},
              "sharedLayerGroup": CacheGroup {
                "caching": true,
                "d": [Function],
                "keyMaker": KeyTrie {
                  "makeData": [Function],
                  "weakness": true,
                },
              },
              "storageTrie": KeyTrie {
                "makeData": [Function],
                "weakness": true,
              },
              "toReference": [Function],
            },
            "policies": Policies {
              "cache": [Circular],
              "config": Object {
                "cache": [Circular],
                "dataIdFromObject": [Function],
                "possibleTypes": undefined,
                "typePolicies": Object {
                  "Search": Object {
                    "fields": Object {
                      "duration": Object {
                        "read": [Function],
                      },
                      "editDescription": Object {
                        "read": [Function],
                      },
                      "editId": Object {
                        "read": [Function],
                      },
                      "editTitle": Object {
                        "read": [Function],
                      },
                      "modalShow": Object {
                        "read": [Function],
                      },
                      "program": Object {
                        "read": [Function],
                      },
                      "startDate": Object {
                        "read": [Function],
                      },
                    },
                  },
                },
              },
              "fuzzySubtypes": Map {},
              "rootIdsByTypename": Object {
                "Mutation": "ROOT_MUTATION",
                "Query": "ROOT_QUERY",
                "Subscription": "ROOT_SUBSCRIPTION",
              },
              "rootTypenamesById": Object {
                "ROOT_MUTATION": "Mutation",
                "ROOT_QUERY": "Query",
                "ROOT_SUBSCRIPTION": "Subscription",
              },
              "supertypeMap": Map {},
              "typePolicies": Object {
                "Search": Object {
                  "fields": Object {
                    "duration": Object {
                      "keyFn": undefined,
                      "merge": undefined,
                      "read": [Function],
                    },
                    "editDescription": Object {
                      "keyFn": undefined,
                      "merge": undefined,
                      "read": [Function],
                    },
                    "editId": Object {
                      "keyFn": undefined,
                      "merge": undefined,
                      "read": [Function],
                    },
                    "editTitle": Object {
                      "keyFn": undefined,
                      "merge": undefined,
                      "read": [Function],
                    },
                    "modalShow": Object {
                      "keyFn": undefined,
                      "merge": undefined,
                      "read": [Function],
                    },
                    "program": Object {
                      "keyFn": undefined,
                      "merge": undefined,
                      "read": [Function],
                    },
                    "startDate": Object {
                      "keyFn": undefined,
                      "merge": undefined,
                      "read": [Function],
                    },
                  },
                  "keyFn": undefined,
                },
              },
              "usingPossibleTypes": false,
            },
            "storeReader": StoreReader {
              "config": Object {
                "addTypename": true,
                "cache": [Circular],
              },
              "executeSelectionSet": [Function],
              "executeSubSelectedArray": [Function],
              "knownResults": WeakMap {},
            },
            "storeWriter": StoreWriter {
              "cache": [Circular],
              "reader": StoreReader {
                "config": Object {
                  "addTypename": true,
                  "cache": [Circular],
                },
                "executeSelectionSet": [Function],
                "executeSubSelectedArray": [Function],
                "knownResults": WeakMap {},
              },
            },
            "txCount": 0,
            "typenameDocumentCache": Map {},
            "watchDep": [Function],
            "watches": Set {},
          },
          "client": [Circular],
        },
        "mutate": [Function],
        "query": [Function],
        "queryDeduplication": true,
        "queryManager": QueryManager {
          "assumeImmutableResults": false,
          "cache": InMemoryCache {
            "addTypename": true,
            "config": Object {
              "addTypename": true,
              "dataIdFromObject": [Function],
              "resultCaching": true,
              "typePolicies": Object {
                "Search": Object {
                  "fields": Object {
                    "duration": Object {
                      "read": [Function],
                    },
                    "editDescription": Object {
                      "read": [Function],
                    },
                    "editId": Object {
                      "read": [Function],
                    },
                    "editTitle": Object {
                      "read": [Function],
                    },
                    "modalShow": Object {
                      "read": [Function],
                    },
                    "program": Object {
                      "read": [Function],
                    },
                    "startDate": Object {
                      "read": [Function],
                    },
                  },
                },
              },
            },
            "data": Root {
              "canRead": [Function],
              "data": Object {},
              "getFieldValue": [Function],
              "group": CacheGroup {
                "caching": true,
                "d": [Function],
                "keyMaker": KeyTrie {
                  "makeData": [Function],
                  "weakness": true,
                },
              },
              "policies": Policies {
                "cache": [Circular],
                "config": Object {
                  "cache": [Circular],
                  "dataIdFromObject": [Function],
                  "possibleTypes": undefined,
                  "typePolicies": Object {
                    "Search": Object {
                      "fields": Object {
                        "duration": Object {
                          "read": [Function],
                        },
                        "editDescription": Object {
                          "read": [Function],
                        },
                        "editId": Object {
                          "read": [Function],
                        },
                        "editTitle": Object {
                          "read": [Function],
                        },
                        "modalShow": Object {
                          "read": [Function],
                        },
                        "program": Object {
                          "read": [Function],
                        },
                        "startDate": Object {
                          "read": [Function],
                        },
                      },
                    },
                  },
                },
                "fuzzySubtypes": Map {},
                "rootIdsByTypename": Object {
                  "Mutation": "ROOT_MUTATION",
                  "Query": "ROOT_QUERY",
                  "Subscription": "ROOT_SUBSCRIPTION",
                },
                "rootTypenamesById": Object {
                  "ROOT_MUTATION": "Mutation",
                  "ROOT_QUERY": "Query",
                  "ROOT_SUBSCRIPTION": "Subscription",
                },
                "supertypeMap": Map {},
                "typePolicies": Object {
                  "Search": Object {
                    "fields": Object {
                      "duration": Object {
                        "keyFn": undefined,
                        "merge": undefined,
                        "read": [Function],
                      },
                      "editDescription": Object {
                        "keyFn": undefined,
                        "merge": undefined,
                        "read": [Function],
                      },
                      "editId": Object {
                        "keyFn": undefined,
                        "merge": undefined,
                        "read": [Function],
                      },
                      "editTitle": Object {
                        "keyFn": undefined,
                        "merge": undefined,
                        "read": [Function],
                      },
                      "modalShow": Object {
                        "keyFn": undefined,
                        "merge": undefined,
                        "read": [Function],
                      },
                      "program": Object {
                        "keyFn": undefined,
                        "merge": undefined,
                        "read": [Function],
                      },
                      "startDate": Object {
                        "keyFn": undefined,
                        "merge": undefined,
                        "read": [Function],
                      },
                    },
                    "keyFn": undefined,
                  },
                },
                "usingPossibleTypes": false,
              },
              "refs": Object {},
              "rootIds": Object {},
              "sharedLayerGroup": CacheGroup {
                "caching": true,
                "d": [Function],
                "keyMaker": KeyTrie {
                  "makeData": [Function],
                  "weakness": true,
                },
              },
              "storageTrie": KeyTrie {
                "makeData": [Function],
                "weakness": true,
              },
              "toReference": [Function],
            },
            "getFragmentDoc": [Function],
            "makeVar": [Function],
            "maybeBroadcastWatch": [Function],
            "optimisticData": Root {
              "canRead": [Function],
              "data": Object {},
              "getFieldValue": [Function],
              "group": CacheGroup {
                "caching": true,
                "d": [Function],
                "keyMaker": KeyTrie {
                  "makeData": [Function],
                  "weakness": true,
                },
              },
              "policies": Policies {
                "cache": [Circular],
                "config": Object {
                  "cache": [Circular],
                  "dataIdFromObject": [Function],
                  "possibleTypes": undefined,
                  "typePolicies": Object {
                    "Search": Object {
                      "fields": Object {
                        "duration": Object {
                          "read": [Function],
                        },
                        "editDescription": Object {
                          "read": [Function],
                        },
                        "editId": Object {
                          "read": [Function],
                        },
                        "editTitle": Object {
                          "read": [Function],
                        },
                        "modalShow": Object {
                          "read": [Function],
                        },
                        "program": Object {
                          "read": [Function],
                        },
                        "startDate": Object {
                          "read": [Function],
                        },
                      },
                    },
                  },
                },
                "fuzzySubtypes": Map {},
                "rootIdsByTypename": Object {
                  "Mutation": "ROOT_MUTATION",
                  "Query": "ROOT_QUERY",
                  "Subscription": "ROOT_SUBSCRIPTION",
                },
                "rootTypenamesById": Object {
                  "ROOT_MUTATION": "Mutation",
                  "ROOT_QUERY": "Query",
                  "ROOT_SUBSCRIPTION": "Subscription",
                },
                "supertypeMap": Map {},
                "typePolicies": Object {
                  "Search": Object {
                    "fields": Object {
                      "duration": Object {
                        "keyFn": undefined,
                        "merge": undefined,
                        "read": [Function],
                      },
                      "editDescription": Object {
                        "keyFn": undefined,
                        "merge": undefined,
                        "read": [Function],
                      },
                      "editId": Object {
                        "keyFn": undefined,
                        "merge": undefined,
                        "read": [Function],
                      },
                      "editTitle": Object {
                        "keyFn": undefined,
                        "merge": undefined,
                        "read": [Function],
                      },
                      "modalShow": Object {
                        "keyFn": undefined,
                        "merge": undefined,
                        "read": [Function],
                      },
                      "program": Object {
                        "keyFn": undefined,
                        "merge": undefined,
                        "read": [Function],
                      },
                      "startDate": Object {
                        "keyFn": undefined,
                        "merge": undefined,
                        "read": [Function],
                      },
                    },
                    "keyFn": undefined,
                  },
                },
                "usingPossibleTypes": false,
              },
              "refs": Object {},
              "rootIds": Object {},
              "sharedLayerGroup": CacheGroup {
                "caching": true,
                "d": [Function],
                "keyMaker": KeyTrie {
                  "makeData": [Function],
                  "weakness": true,
                },
              },
              "storageTrie": KeyTrie {
                "makeData": [Function],
                "weakness": true,
              },
              "toReference": [Function],
            },
            "policies": Policies {
              "cache": [Circular],
              "config": Object {
                "cache": [Circular],
                "dataIdFromObject": [Function],
                "possibleTypes": undefined,
                "typePolicies": Object {
                  "Search": Object {
                    "fields": Object {
                      "duration": Object {
                        "read": [Function],
                      },
                      "editDescription": Object {
                        "read": [Function],
                      },
                      "editId": Object {
                        "read": [Function],
                      },
                      "editTitle": Object {
                        "read": [Function],
                      },
                      "modalShow": Object {
                        "read": [Function],
                      },
                      "program": Object {
                        "read": [Function],
                      },
                      "startDate": Object {
                        "read": [Function],
                      },
                    },
                  },
                },
              },
              "fuzzySubtypes": Map {},
              "rootIdsByTypename": Object {
                "Mutation": "ROOT_MUTATION",
                "Query": "ROOT_QUERY",
                "Subscription": "ROOT_SUBSCRIPTION",
              },
              "rootTypenamesById": Object {
                "ROOT_MUTATION": "Mutation",
                "ROOT_QUERY": "Query",
                "ROOT_SUBSCRIPTION": "Subscription",
              },
              "supertypeMap": Map {},
              "typePolicies": Object {
                "Search": Object {
                  "fields": Object {
                    "duration": Object {
                      "keyFn": undefined,
                      "merge": undefined,
                      "read": [Function],
                    },
                    "editDescription": Object {
                      "keyFn": undefined,
                      "merge": undefined,
                      "read": [Function],
                    },
                    "editId": Object {
                      "keyFn": undefined,
                      "merge": undefined,
                      "read": [Function],
                    },
                    "editTitle": Object {
                      "keyFn": undefined,
                      "merge": undefined,
                      "read": [Function],
                    },
                    "modalShow": Object {
                      "keyFn": undefined,
                      "merge": undefined,
                      "read": [Function],
                    },
                    "program": Object {
                      "keyFn": undefined,
                      "merge": undefined,
                      "read": [Function],
                    },
                    "startDate": Object {
                      "keyFn": undefined,
                      "merge": undefined,
                      "read": [Function],
                    },
                  },
                  "keyFn": undefined,
                },
              },
              "usingPossibleTypes": false,
            },
            "storeReader": StoreReader {
              "config": Object {
                "addTypename": true,
                "cache": [Circular],
              },
              "executeSelectionSet": [Function],
              "executeSubSelectedArray": [Function],
              "knownResults": WeakMap {},
            },
            "storeWriter": StoreWriter {
              "cache": [Circular],
              "reader": StoreReader {
                "config": Object {
                  "addTypename": true,
                  "cache": [Circular],
                },
                "executeSelectionSet": [Function],
                "executeSubSelectedArray": [Function],
                "knownResults": WeakMap {},
              },
            },
            "txCount": 0,
            "typenameDocumentCache": Map {},
            "watchDep": [Function],
            "watches": Set {},
          },
          "clientAwareness": Object {
            "name": undefined,
            "version": undefined,
          },
          "fetchCancelFns": Map {},
          "inFlightLinkObservables": Map {},
          "link": HttpLink {
            "options": Object {
              "credentials": undefined,
              "headers": undefined,
              "uri": "https://api-staging.aiesec.org/graphql?access_token=dd0df21c8af5d929dff19f74506c4a8153d7acd34306b9761fd4a57cfa1d483c",
            },
            "request": [Function],
          },
          "localState": LocalState {
            "cache": InMemoryCache {
              "addTypename": true,
              "config": Object {
                "addTypename": true,
                "dataIdFromObject": [Function],
                "resultCaching": true,
                "typePolicies": Object {
                  "Search": Object {
                    "fields": Object {
                      "duration": Object {
                        "read": [Function],
                      },
                      "editDescription": Object {
                        "read": [Function],
                      },
                      "editId": Object {
                        "read": [Function],
                      },
                      "editTitle": Object {
                        "read": [Function],
                      },
                      "modalShow": Object {
                        "read": [Function],
                      },
                      "program": Object {
                        "read": [Function],
                      },
                      "startDate": Object {
                        "read": [Function],
                      },
                    },
                  },
                },
              },
              "data": Root {
                "canRead": [Function],
                "data": Object {},
                "getFieldValue": [Function],
                "group": CacheGroup {
                  "caching": true,
                  "d": [Function],
                  "keyMaker": KeyTrie {
                    "makeData": [Function],
                    "weakness": true,
                  },
                },
                "policies": Policies {
                  "cache": [Circular],
                  "config": Object {
                    "cache": [Circular],
                    "dataIdFromObject": [Function],
                    "possibleTypes": undefined,
                    "typePolicies": Object {
                      "Search": Object {
                        "fields": Object {
                          "duration": Object {
                            "read": [Function],
                          },
                          "editDescription": Object {
                            "read": [Function],
                          },
                          "editId": Object {
                            "read": [Function],
                          },
                          "editTitle": Object {
                            "read": [Function],
                          },
                          "modalShow": Object {
                            "read": [Function],
                          },
                          "program": Object {
                            "read": [Function],
                          },
                          "startDate": Object {
                            "read": [Function],
                          },
                        },
                      },
                    },
                  },
                  "fuzzySubtypes": Map {},
                  "rootIdsByTypename": Object {
                    "Mutation": "ROOT_MUTATION",
                    "Query": "ROOT_QUERY",
                    "Subscription": "ROOT_SUBSCRIPTION",
                  },
                  "rootTypenamesById": Object {
                    "ROOT_MUTATION": "Mutation",
                    "ROOT_QUERY": "Query",
                    "ROOT_SUBSCRIPTION": "Subscription",
                  },
                  "supertypeMap": Map {},
                  "typePolicies": Object {
                    "Search": Object {
                      "fields": Object {
                        "duration": Object {
                          "keyFn": undefined,
                          "merge": undefined,
                          "read": [Function],
                        },
                        "editDescription": Object {
                          "keyFn": undefined,
                          "merge": undefined,
                          "read": [Function],
                        },
                        "editId": Object {
                          "keyFn": undefined,
                          "merge": undefined,
                          "read": [Function],
                        },
                        "editTitle": Object {
                          "keyFn": undefined,
                          "merge": undefined,
                          "read": [Function],
                        },
                        "modalShow": Object {
                          "keyFn": undefined,
                          "merge": undefined,
                          "read": [Function],
                        },
                        "program": Object {
                          "keyFn": undefined,
                          "merge": undefined,
                          "read": [Function],
                        },
                        "startDate": Object {
                          "keyFn": undefined,
                          "merge": undefined,
                          "read": [Function],
                        },
                      },
                      "keyFn": undefined,
                    },
                  },
                  "usingPossibleTypes": false,
                },
                "refs": Object {},
                "rootIds": Object {},
                "sharedLayerGroup": CacheGroup {
                  "caching": true,
                  "d": [Function],
                  "keyMaker": KeyTrie {
                    "makeData": [Function],
                    "weakness": true,
                  },
                },
                "storageTrie": KeyTrie {
                  "makeData": [Function],
                  "weakness": true,
                },
                "toReference": [Function],
              },
              "getFragmentDoc": [Function],
              "makeVar": [Function],
              "maybeBroadcastWatch": [Function],
              "optimisticData": Root {
                "canRead": [Function],
                "data": Object {},
                "getFieldValue": [Function],
                "group": CacheGroup {
                  "caching": true,
                  "d": [Function],
                  "keyMaker": KeyTrie {
                    "makeData": [Function],
                    "weakness": true,
                  },
                },
                "policies": Policies {
                  "cache": [Circular],
                  "config": Object {
                    "cache": [Circular],
                    "dataIdFromObject": [Function],
                    "possibleTypes": undefined,
                    "typePolicies": Object {
                      "Search": Object {
                        "fields": Object {
                          "duration": Object {
                            "read": [Function],
                          },
                          "editDescription": Object {
                            "read": [Function],
                          },
                          "editId": Object {
                            "read": [Function],
                          },
                          "editTitle": Object {
                            "read": [Function],
                          },
                          "modalShow": Object {
                            "read": [Function],
                          },
                          "program": Object {
                            "read": [Function],
                          },
                          "startDate": Object {
                            "read": [Function],
                          },
                        },
                      },
                    },
                  },
                  "fuzzySubtypes": Map {},
                  "rootIdsByTypename": Object {
                    "Mutation": "ROOT_MUTATION",
                    "Query": "ROOT_QUERY",
                    "Subscription": "ROOT_SUBSCRIPTION",
                  },
                  "rootTypenamesById": Object {
                    "ROOT_MUTATION": "Mutation",
                    "ROOT_QUERY": "Query",
                    "ROOT_SUBSCRIPTION": "Subscription",
                  },
                  "supertypeMap": Map {},
                  "typePolicies": Object {
                    "Search": Object {
                      "fields": Object {
                        "duration": Object {
                          "keyFn": undefined,
                          "merge": undefined,
                          "read": [Function],
                        },
                        "editDescription": Object {
                          "keyFn": undefined,
                          "merge": undefined,
                          "read": [Function],
                        },
                        "editId": Object {
                          "keyFn": undefined,
                          "merge": undefined,
                          "read": [Function],
                        },
                        "editTitle": Object {
                          "keyFn": undefined,
                          "merge": undefined,
                          "read": [Function],
                        },
                        "modalShow": Object {
                          "keyFn": undefined,
                          "merge": undefined,
                          "read": [Function],
                        },
                        "program": Object {
                          "keyFn": undefined,
                          "merge": undefined,
                          "read": [Function],
                        },
                        "startDate": Object {
                          "keyFn": undefined,
                          "merge": undefined,
                          "read": [Function],
                        },
                      },
                      "keyFn": undefined,
                    },
                  },
                  "usingPossibleTypes": false,
                },
                "refs": Object {},
                "rootIds": Object {},
                "sharedLayerGroup": CacheGroup {
                  "caching": true,
                  "d": [Function],
                  "keyMaker": KeyTrie {
                    "makeData": [Function],
                    "weakness": true,
                  },
                },
                "storageTrie": KeyTrie {
                  "makeData": [Function],
                  "weakness": true,
                },
                "toReference": [Function],
              },
              "policies": Policies {
                "cache": [Circular],
                "config": Object {
                  "cache": [Circular],
                  "dataIdFromObject": [Function],
                  "possibleTypes": undefined,
                  "typePolicies": Object {
                    "Search": Object {
                      "fields": Object {
                        "duration": Object {
                          "read": [Function],
                        },
                        "editDescription": Object {
                          "read": [Function],
                        },
                        "editId": Object {
                          "read": [Function],
                        },
                        "editTitle": Object {
                          "read": [Function],
                        },
                        "modalShow": Object {
                          "read": [Function],
                        },
                        "program": Object {
                          "read": [Function],
                        },
                        "startDate": Object {
                          "read": [Function],
                        },
                      },
                    },
                  },
                },
                "fuzzySubtypes": Map {},
                "rootIdsByTypename": Object {
                  "Mutation": "ROOT_MUTATION",
                  "Query": "ROOT_QUERY",
                  "Subscription": "ROOT_SUBSCRIPTION",
                },
                "rootTypenamesById": Object {
                  "ROOT_MUTATION": "Mutation",
                  "ROOT_QUERY": "Query",
                  "ROOT_SUBSCRIPTION": "Subscription",
                },
                "supertypeMap": Map {},
                "typePolicies": Object {
                  "Search": Object {
                    "fields": Object {
                      "duration": Object {
                        "keyFn": undefined,
                        "merge": undefined,
                        "read": [Function],
                      },
                      "editDescription": Object {
                        "keyFn": undefined,
                        "merge": undefined,
                        "read": [Function],
                      },
                      "editId": Object {
                        "keyFn": undefined,
                        "merge": undefined,
                        "read": [Function],
                      },
                      "editTitle": Object {
                        "keyFn": undefined,
                        "merge": undefined,
                        "read": [Function],
                      },
                      "modalShow": Object {
                        "keyFn": undefined,
                        "merge": undefined,
                        "read": [Function],
                      },
                      "program": Object {
                        "keyFn": undefined,
                        "merge": undefined,
                        "read": [Function],
                      },
                      "startDate": Object {
                        "keyFn": undefined,
                        "merge": undefined,
                        "read": [Function],
                      },
                    },
                    "keyFn": undefined,
                  },
                },
                "usingPossibleTypes": false,
              },
              "storeReader": StoreReader {
                "config": Object {
                  "addTypename": true,
                  "cache": [Circular],
                },
                "executeSelectionSet": [Function],
                "executeSubSelectedArray": [Function],
                "knownResults": WeakMap {},
              },
              "storeWriter": StoreWriter {
                "cache": [Circular],
                "reader": StoreReader {
                  "config": Object {
                    "addTypename": true,
                    "cache": [Circular],
                  },
                  "executeSelectionSet": [Function],
                  "executeSubSelectedArray": [Function],
                  "knownResults": WeakMap {},
                },
              },
              "txCount": 0,
              "typenameDocumentCache": Map {},
              "watchDep": [Function],
              "watches": Set {},
            },
            "client": [Circular],
          },
          "mutationIdCounter": 1,
          "mutationStore": MutationStore {
            "store": Object {},
          },
          "onBroadcast": [Function],
          "queries": Map {},
          "queryDeduplication": true,
          "queryIdCounter": 1,
          "requestIdCounter": 1,
          "ssrMode": false,
          "transformCache": WeakMap {},
        },
        "reFetchObservableQueries": [Function],
        "resetStore": [Function],
        "resetStoreCallbacks": Array [],
        "typeDefs": undefined,
        "version": "local",
        "watchQuery": [Function],
      }
    }
  >
    <div
      className="app"
    >
      <Routes />
    </div>
  </ApolloProvider>,
]
`;
